Creating new dataset...
File not found: ipl_2021_deliveries.csv
Processing ipl_2022_deliveries.csv...
Loaded 17912 rows from ipl_2022_deliveries.csv
Columns: ['match_id', 'season', 'match_no', 'date', 'venue', 'batting_team', 'bowling_team', 'innings', 'over', 'striker', 'bowler', 'runs_of_bat', 'extras', 'wide', 'legbyes', 'byes', 'noballs', 'wicket_type', 'player_dismissed', 'fielder']
Sample of dates: 0    Mar 26, 2022
1    Mar 26, 2022
2    Mar 26, 2022
3    Mar 26, 2022
4    Mar 26, 2022
Name: date, dtype: object
Processing ipl_2023_deliveries.csv...
Loaded 17386 rows from ipl_2023_deliveries.csv
Columns: ['match_id', 'season', 'match_no', 'date', 'venue', 'batting_team', 'bowling_team', 'innings', 'over', 'striker', 'bowler', 'runs_of_bat', 'extras', 'wide', 'legbyes', 'byes', 'noballs', 'wicket_type', 'player_dismissed', 'fielder']
Sample of dates: 0    Mar 31, 2023
1    Mar 31, 2023
2    Mar 31, 2023
3    Mar 31, 2023
4    Mar 31, 2023
Name: date, dtype: object
Processing ipl_2024_deliveries.csv...
Loaded 17053 rows from ipl_2024_deliveries.csv
Columns: ['match_id', 'season', 'match_no', 'date', 'venue', 'batting_team', 'bowling_team', 'innings', 'over', 'striker', 'bowler', 'runs_of_bat', 'extras', 'wide', 'legbyes', 'byes', 'noballs', 'wicket_type', 'player_dismissed', 'fielder']
Sample of dates: 0    Mar 22, 2024
1    Mar 22, 2024
2    Mar 22, 2024
3    Mar 22, 2024
4    Mar 22, 2024
Name: date, dtype: object
Loaded 973 rows from Kaggle
Columns: ['match_id', 'season', 'phase', 'match_no', 'date', 'venue', 'batting_team', 'bowling_team', 'innings', 'over', 'striker', 'bowler', 'runs_of_bat', 'extras', 'wide', 'legbyes', 'byes', 'noballs', 'wicket_type', 'player_dismissed', 'fielder']
Sample of dates: 0    Mar 22, 2025
1    Mar 22, 2025
2    Mar 22, 2025
3    Mar 22, 2025
4    Mar 22, 2025
Name: date, dtype: object

Total rows loaded: 53324
Date range: 2022-03-26 00:00:00 to 2025-03-24 00:00:00

Saving dataset to player_matches.csv...
Dataset saved successfully

Match Details:
-------------
Match: 4
Venue: Dr. Y.S. Rajasekhara Reddy ACA-VDCA Cricket Stadium, Visakhapatnam
Date: 2025-03-24 00:00:00
Teams: DC vs LSG

Team-wise Scores:
----------------

LSG:
+----+-----------------------+---------------+-----------------+-----------------+------------------+---------------------+--------------------+------------------+
|    | Player                |   Total Score |   Batting Score |   Bowling Score |   Fielding Score | Batting Stats       | Bowling Stats      | Fielding Stats   |
+====+=======================+===============+=================+=================+==================+=====================+====================+==================+
|  3 | Pooran                |           175 |             159 |               0 |               20 | R:75 B:30 4s:6 6s:7 | O:0.0 R:0 W:0 M:0  | C:2 S:0 RO:0     |
+----+-----------------------+---------------+-----------------+-----------------+------------------+---------------------+--------------------+------------------+
| 21 | Mitchell Marsh        |           146 |             146 |               0 |                4 | R:72 B:36 4s:6 6s:6 | O:0.0 R:0 W:0 M:0  | C:0 S:0 RO:0     |
+----+-----------------------+---------------+-----------------+-----------------+------------------+---------------------+--------------------+------------------+
| 24 | M Siddharth           |            75 |               0 |              67 |               12 | R:0 B:0 4s:0 6s:0   | O:4.0 R:39 W:2 M:0 | C:1 S:0 RO:0     |
+----+-----------------------+---------------+-----------------+-----------------+------------------+---------------------+--------------------+------------------+
|  4 | Digvesh Rathi         |            62 |               0 |              62 |                4 | R:0 B:0 4s:0 6s:0   | O:4.0 R:27 W:2 M:0 | C:0 S:0 RO:0     |
+----+-----------------------+---------------+-----------------+-----------------+------------------+---------------------+--------------------+------------------+
| 12 | Miller                |            57 |              49 |               0 |               12 | R:27 B:19 4s:1 6s:2 | O:0.0 R:0 W:0 M:0  | C:1 S:0 RO:0     |
+----+-----------------------+---------------+-----------------+-----------------+------------------+---------------------+--------------------+------------------+
|  9 | Thakur                |            53 |              -2 |              55 |                4 | R:0 B:2 4s:0 6s:0   | O:2.0 R:19 W:2 M:0 | C:0 S:0 RO:0     |
+----+-----------------------+---------------+-----------------+-----------------+------------------+---------------------+--------------------+------------------+
|  0 | Ravi Bishnoi          |            50 |              -2 |              52 |                4 | R:0 B:2 4s:0 6s:0   | O:4.0 R:53 W:2 M:0 | C:0 S:0 RO:0     |
+----+-----------------------+---------------+-----------------+-----------------+------------------+---------------------+--------------------+------------------+
| 17 | Markram               |            25 |              25 |               0 |                4 | R:15 B:13 4s:1 6s:1 | O:0.0 R:0 W:0 M:0  | C:0 S:0 RO:0     |
+----+-----------------------+---------------+-----------------+-----------------+------------------+---------------------+--------------------+------------------+
| 18 | Pant                  |            14 |              -2 |               0 |               20 | R:0 B:6 4s:0 6s:0   | O:0.0 R:0 W:0 M:0  | C:2 S:0 RO:0     |
+----+-----------------------+---------------+-----------------+-----------------+------------------+---------------------+--------------------+------------------+
|  2 | Ayush Badoni          |            12 |               4 |               0 |               12 | R:4 B:5 4s:0 6s:0   | O:0.0 R:0 W:0 M:0  | C:1 S:0 RO:0     |
+----+-----------------------+---------------+-----------------+-----------------+------------------+---------------------+--------------------+------------------+
|  5 | Axar/Abishek Porel    |            12 |               0 |               0 |               16 | R:0 B:0 4s:0 6s:0   | O:0.0 R:0 W:0 M:0  | C:0 S:0 RO:1     |
+----+-----------------------+---------------+-----------------+-----------------+------------------+---------------------+--------------------+------------------+
|  8 | Tripurana Vijay (sub) |             8 |               0 |               0 |               12 | R:0 B:0 4s:0 6s:0   | O:0.0 R:0 W:0 M:0  | C:1 S:0 RO:0     |
+----+-----------------------+---------------+-----------------+-----------------+------------------+---------------------+--------------------+------------------+
| 14 | Shahbaz Ahmed         |             8 |              13 |              -5 |                4 | R:9 B:8 4s:1 6s:0   | O:1.3 R:22 W:0 M:0 | C:0 S:0 RO:0     |
+----+-----------------------+---------------+-----------------+-----------------+------------------+---------------------+--------------------+------------------+
| 10 | Prince Yadav          |             1 |               0 |               1 |                4 | R:0 B:0 4s:0 6s:0   | O:4.0 R:47 W:0 M:0 | C:0 S:0 RO:0     |
+----+-----------------------+---------------+-----------------+-----------------+------------------+---------------------+--------------------+------------------+

Team Total: 698.0

DC:
+----+-------------------+---------------+-----------------+-----------------+------------------+---------------------+--------------------+------------------+
|    | Player            |   Total Score |   Batting Score |   Bowling Score |   Fielding Score | Batting Stats       | Bowling Stats      | Fielding Stats   |
+====+===================+===============+=================+=================+==================+=====================+====================+==================+
| 22 | Ashutosh Sharma   |           130 |             130 |               0 |                4 | R:66 B:31 4s:5 6s:5 | O:0.0 R:0 W:0 M:0  | C:0 S:0 RO:0     |
+----+-------------------+---------------+-----------------+-----------------+------------------+---------------------+--------------------+------------------+
|  7 | Mitchell Starc    |           112 |               2 |             102 |               12 | R:2 B:5 4s:0 6s:0   | O:4.0 R:42 W:3 M:0 | C:1 S:0 RO:0     |
+----+-------------------+---------------+-----------------+-----------------+------------------+---------------------+--------------------+------------------+
|  6 | Vipraj Nigam      |           103 |              81 |              22 |                4 | R:39 B:15 4s:5 6s:2 | O:2.0 R:35 W:1 M:0 | C:0 S:0 RO:0     |
+----+-------------------+---------------+-----------------+-----------------+------------------+---------------------+--------------------+------------------+
| 16 | Kuldeep Yadav     |            79 |               9 |              70 |                4 | R:5 B:5 4s:1 6s:0   | O:4.0 R:20 W:2 M:0 | C:0 S:0 RO:0     |
+----+-------------------+---------------+-----------------+-----------------+------------------+---------------------+--------------------+------------------+
| 23 | Stubbs            |            75 |              64 |              -5 |               20 | R:34 B:22 4s:1 6s:3 | O:1.0 R:28 W:0 M:0 | C:2 S:0 RO:0     |
+----+-------------------+---------------+-----------------+-----------------+------------------+---------------------+--------------------+------------------+
| 26 | du Plessis        |            69 |              61 |               0 |               12 | R:29 B:18 4s:3 6s:2 | O:0.0 R:0 W:0 M:0  | C:1 S:0 RO:0     |
+----+-------------------+---------------+-----------------+-----------------+------------------+---------------------+--------------------+------------------+
|  1 | Axar              |            57 |              46 |              11 |                4 | R:22 B:11 4s:3 6s:1 | O:3.0 R:18 W:0 M:0 | C:0 S:0 RO:0     |
+----+-------------------+---------------+-----------------+-----------------+------------------+---------------------+--------------------+------------------+
| 13 | Mukesh Kumar      |            27 |               0 |              27 |                4 | R:0 B:0 4s:0 6s:0   | O:2.0 R:22 W:1 M:0 | C:0 S:0 RO:0     |
+----+-------------------+---------------+-----------------+-----------------+------------------+---------------------+--------------------+------------------+
| 19 | Pant/Prince Yadav |            12 |               0 |               0 |               16 | R:0 B:0 4s:0 6s:0   | O:0.0 R:0 W:0 M:0  | C:0 S:0 RO:1     |
+----+-------------------+---------------+-----------------+-----------------+------------------+---------------------+--------------------+------------------+
| 20 | Sameer Rizvi      |             8 |               8 |               0 |                4 | R:4 B:4 4s:1 6s:0   | O:0.0 R:0 W:0 M:0  | C:0 S:0 RO:0     |
+----+-------------------+---------------+-----------------+-----------------+------------------+---------------------+--------------------+------------------+
| 25 | Mohit Sharma      |             5 |               1 |               4 |                4 | R:1 B:2 4s:0 6s:0   | O:4.1 R:42 W:0 M:0 | C:0 S:0 RO:0     |
+----+-------------------+---------------+-----------------+-----------------+------------------+---------------------+--------------------+------------------+
| 15 | Fraser-McGurk     |             1 |               1 |               0 |                4 | R:1 B:2 4s:0 6s:0   | O:0.0 R:0 W:0 M:0  | C:0 S:0 RO:0     |
+----+-------------------+---------------+-----------------+-----------------+------------------+---------------------+--------------------+------------------+
| 11 | Abishek Porel     |            -2 |              -2 |               0 |                4 | R:0 B:2 4s:0 6s:0   | O:0.0 R:0 W:0 M:0  | C:0 S:0 RO:0     |
+----+-------------------+---------------+-----------------+-----------------+------------------+---------------------+--------------------+------------------+

Team Total: 676.0

Match Summary:
-------------
DC: 676.0
LSG: 698.0

Top Performers:
--------------

Top 3 Batsmen:
+----+-----------------+--------+-----------------+---------------------+
|    | Player          | Team   |   Batting Score | Batting Stats       |
+====+=================+========+=================+=====================+
|  3 | Pooran          | LSG    |             159 | R:75 B:30 4s:6 6s:7 |
+----+-----------------+--------+-----------------+---------------------+
| 21 | Mitchell Marsh  | LSG    |             146 | R:72 B:36 4s:6 6s:6 |
+----+-----------------+--------+-----------------+---------------------+
| 22 | Ashutosh Sharma | DC     |             130 | R:66 B:31 4s:5 6s:5 |
+----+-----------------+--------+-----------------+---------------------+

Top 3 Bowlers:
+----+----------------+--------+-----------------+--------------------+
|    | Player         | Team   |   Bowling Score | Bowling Stats      |
+====+================+========+=================+====================+
|  7 | Mitchell Starc | DC     |             102 | O:4.0 R:42 W:3 M:0 |
+----+----------------+--------+-----------------+--------------------+
| 16 | Kuldeep Yadav  | DC     |              70 | O:4.0 R:20 W:2 M:0 |
+----+----------------+--------+-----------------+--------------------+
| 24 | M Siddharth    | LSG    |              67 | O:4.0 R:39 W:2 M:0 |
+----+----------------+--------+-----------------+--------------------+

Top 3 Fielders:
+----+----------+--------+------------------+------------------+
|    | Player   | Team   |   Fielding Score | Fielding Stats   |
+====+==========+========+==================+==================+
|  3 | Pooran   | LSG    |               20 | C:2 S:0 RO:0     |
+----+----------+--------+------------------+------------------+
| 18 | Pant     | LSG    |               20 | C:2 S:0 RO:0     |
+----+----------+--------+------------------+------------------+
| 23 | Stubbs   | DC     |               20 | C:2 S:0 RO:0     |
+----+----------+--------+------------------+------------------+
